// Jest Snapshot v1, https://goo.gl/fbAQLP

exports[`<Register /> renders correctly 1`] = `
<RCTSafeAreaView
  emulateUnlessSupported={true}
  style={
    Object {
      "alignItems": "center",
      "backgroundColor": "rgb(76, 76, 71)",
      "flex": 1,
      "justifyContent": "space-around",
      "width": "100%",
    }
  }
>
  <Text
    style={
      Object {
        "color": "rgb(255, 255, 255)",
        "fontSize": 24,
        "marginBottom": 10,
        "marginTop": 15,
      }
    }
  >
    Register
  </Text>
  <View
    onLayout={[Function]}
    style={
      Array [
        Object {
          "alignItems": "center",
          "justifyContent": "center",
          "marginBottom": 20,
          "width": "100%",
        },
        Object {
          "paddingBottom": 0,
        },
      ]
    }
  >
    <TextInput
      allowFontScaling={true}
      blurOnSubmit={true}
      multiline={false}
      onChangeText={[Function]}
      placeholder="Full name"
      placeholderTextColor="rgb(158, 158, 158)"
      rejectResponderTermination={true}
      secureTextEntry={false}
      selectTextOnFocus={false}
      selectionColor="rgb(193, 73, 83)"
      style={
        Array [
          Object {
            "borderBottomColor": "rgb(255, 255, 255)",
            "borderBottomWidth": 1,
            "color": "rgb(255, 255, 255)",
            "width": "82%",
          },
          Object {
            "fontSize": 15,
            "marginBottom": 4,
            "marginTop": 7,
            "padding": 5,
          },
        ]
      }
      testID="chirpTextBox"
      underlineColorAndroid="transparent"
    />
    <Text
      style={
        Object {
          "color": "rgb(193, 73, 83)",
          "fontSize": 12,
          "height": 15,
          "margin": 0,
          "paddingLeft": 3,
          "width": "75%",
        }
      }
    >
       
    </Text>
    <TextInput
      allowFontScaling={true}
      blurOnSubmit={true}
      multiline={false}
      onChangeText={[Function]}
      placeholder="Email"
      placeholderTextColor="rgb(158, 158, 158)"
      rejectResponderTermination={true}
      secureTextEntry={false}
      selectTextOnFocus={false}
      selectionColor="rgb(193, 73, 83)"
      style={
        Array [
          Object {
            "borderBottomColor": "rgb(255, 255, 255)",
            "borderBottomWidth": 1,
            "color": "rgb(255, 255, 255)",
            "width": "82%",
          },
          Object {
            "fontSize": 15,
            "marginBottom": 4,
            "marginTop": 7,
            "padding": 5,
          },
        ]
      }
      testID="chirpTextBox"
      underlineColorAndroid="transparent"
    />
    <Text
      style={
        Object {
          "color": "rgb(193, 73, 83)",
          "fontSize": 12,
          "height": 15,
          "margin": 0,
          "paddingLeft": 3,
          "width": "75%",
        }
      }
    >
       
    </Text>
    <TextInput
      allowFontScaling={true}
      blurOnSubmit={true}
      multiline={false}
      onChangeText={[Function]}
      placeholder="Password"
      placeholderTextColor="rgb(158, 158, 158)"
      rejectResponderTermination={true}
      secureTextEntry={true}
      selectTextOnFocus={true}
      selectionColor="rgb(193, 73, 83)"
      style={
        Array [
          Object {
            "borderBottomColor": "rgb(255, 255, 255)",
            "borderBottomWidth": 1,
            "color": "rgb(255, 255, 255)",
            "width": "82%",
          },
          Object {
            "fontSize": 15,
            "marginBottom": 4,
            "marginTop": 7,
            "padding": 5,
          },
        ]
      }
      testID="chirpTextBox"
      underlineColorAndroid="transparent"
    />
    <Text
      style={
        Object {
          "color": "rgb(193, 73, 83)",
          "fontSize": 12,
          "height": 15,
          "margin": 0,
          "paddingLeft": 3,
          "width": "75%",
        }
      }
    >
       
    </Text>
    <TextInput
      allowFontScaling={true}
      blurOnSubmit={true}
      multiline={false}
      onChangeText={[Function]}
      placeholder="Confirm password"
      placeholderTextColor="rgb(158, 158, 158)"
      rejectResponderTermination={true}
      secureTextEntry={true}
      selectTextOnFocus={true}
      selectionColor="rgb(193, 73, 83)"
      style={
        Array [
          Object {
            "borderBottomColor": "rgb(255, 255, 255)",
            "borderBottomWidth": 1,
            "color": "rgb(255, 255, 255)",
            "width": "82%",
          },
          Object {
            "fontSize": 15,
            "marginBottom": 4,
            "marginTop": 7,
            "padding": 5,
          },
        ]
      }
      testID="chirpTextBox"
      underlineColorAndroid="transparent"
    />
  </View>
  <View
    accessible={true}
    focusable={true}
    onClick={[Function]}
    onResponderGrant={[Function]}
    onResponderMove={[Function]}
    onResponderRelease={[Function]}
    onResponderTerminate={[Function]}
    onResponderTerminationRequest={[Function]}
    onStartShouldSetResponder={[Function]}
    style={
      Object {
        "alignItems": "center",
        "backgroundColor": "rgb(193, 73, 83)",
        "borderRadius": 18,
        "height": undefined,
        "margin": 10,
        "opacity": 1,
        "padding": 10,
        "width": "40%",
      }
    }
    testID="registerButton"
  >
    <Text
      style={
        Object {
          "color": "rgb(255, 255, 255)",
          "fontSize": 15,
        }
      }
    >
      Continue
       
    </Text>
  </View>
  <Text
    style={
      Object {
        "borderBottomColor": "rgb(255, 255, 255)",
        "borderBottomWidth": 1,
        "color": "rgb(255, 255, 255)",
        "fontSize": 15,
        "textAlign": "center",
        "width": "40%",
      }
    }
  >
    or
  </Text>
  <View />
  <View
    accessible={true}
    focusable={true}
    onClick={[Function]}
    onResponderGrant={[Function]}
    onResponderMove={[Function]}
    onResponderRelease={[Function]}
    onResponderTerminate={[Function]}
    onResponderTerminationRequest={[Function]}
    onStartShouldSetResponder={[Function]}
    style={
      Object {
        "alignItems": "center",
        "backgroundColor": "white",
        "borderRadius": 18,
        "flexDirection": "row",
        "justifyContent": "center",
        "margin": 8,
        "opacity": 1,
        "paddingBottom": 7,
        "paddingLeft": 15,
        "paddingRight": 15,
        "paddingTop": 7,
        "width": "70%",
      }
    }
    testID="googleButton"
  >
    <Image
      source={1}
      style={
        Object {
          "height": 19,
          "margin": 3,
          "width": 19,
        }
      }
    />
    <Text
      style={
        Object {
          "color": "black",
          "fontWeight": "600",
          "marginLeft": 5,
        }
      }
    >
      Sign in with Google
       
    </Text>
  </View>
  <Text
    onPress={[Function]}
    style={
      Object {
        "color": "rgb(158, 158, 158)",
        "fontSize": 15,
        "marginBottom": 5,
        "marginTop": 8,
        "textDecorationLine": "underline",
      }
    }
    testID="navToLoginButton"
  >
    Already have an account? Sign in
  </Text>
</RCTSafeAreaView>
`;
